mode: set
yadro.com/course/api/adapters/rest/api.go:13.58,16.2 2 1
yadro.com/course/api/adapters/rest/api.go:18.43,19.54 1 0
yadro.com/course/api/adapters/rest/api.go:19.54,21.3 1 0
yadro.com/course/api/adapters/rest/api.go:24.88,25.54 1 1
yadro.com/course/api/adapters/rest/api.go:25.54,27.38 2 1
yadro.com/course/api/adapters/rest/api.go:27.38,28.52 1 1
yadro.com/course/api/adapters/rest/api.go:28.52,31.13 3 1
yadro.com/course/api/adapters/rest/api.go:33.4,33.25 1 1
yadro.com/course/api/adapters/rest/api.go:35.3,36.57 2 1
yadro.com/course/api/adapters/rest/api.go:36.57,39.4 2 0
yadro.com/course/api/adapters/rest/api.go:47.77,48.54 1 1
yadro.com/course/api/adapters/rest/api.go:48.54,49.16 1 1
yadro.com/course/api/adapters/rest/api.go:49.16,50.41 1 1
yadro.com/course/api/adapters/rest/api.go:50.41,52.5 1 0
yadro.com/course/api/adapters/rest/api.go:54.3,56.17 3 1
yadro.com/course/api/adapters/rest/api.go:56.17,60.4 3 1
yadro.com/course/api/adapters/rest/api.go:61.3,62.17 2 1
yadro.com/course/api/adapters/rest/api.go:62.17,66.4 3 0
yadro.com/course/api/adapters/rest/api.go:68.3,71.38 3 1
yadro.com/course/api/adapters/rest/api.go:75.80,76.54 1 1
yadro.com/course/api/adapters/rest/api.go:76.54,78.17 2 1
yadro.com/course/api/adapters/rest/api.go:78.17,82.4 3 0
yadro.com/course/api/adapters/rest/api.go:83.3,86.57 2 1
yadro.com/course/api/adapters/rest/api.go:86.57,90.4 3 0
yadro.com/course/api/adapters/rest/api.go:94.85,95.54 1 1
yadro.com/course/api/adapters/rest/api.go:95.54,97.17 2 1
yadro.com/course/api/adapters/rest/api.go:97.17,100.4 2 1
yadro.com/course/api/adapters/rest/api.go:101.3,107.57 2 1
yadro.com/course/api/adapters/rest/api.go:107.57,111.4 3 0
yadro.com/course/api/adapters/rest/api.go:115.86,116.54 1 1
yadro.com/course/api/adapters/rest/api.go:116.54,118.17 2 1
yadro.com/course/api/adapters/rest/api.go:118.17,121.4 2 1
yadro.com/course/api/adapters/rest/api.go:122.3,125.57 2 1
yadro.com/course/api/adapters/rest/api.go:125.57,129.4 3 0
yadro.com/course/api/adapters/rest/api.go:133.78,134.54 1 1
yadro.com/course/api/adapters/rest/api.go:134.54,136.17 2 1
yadro.com/course/api/adapters/rest/api.go:136.17,139.4 2 0
yadro.com/course/api/adapters/rest/api.go:143.82,144.54 1 0
yadro.com/course/api/adapters/rest/api.go:144.54,146.23 2 0
yadro.com/course/api/adapters/rest/api.go:146.23,149.4 2 0
yadro.com/course/api/adapters/rest/api.go:150.3,152.21 3 0
yadro.com/course/api/adapters/rest/api.go:152.21,154.18 2 0
yadro.com/course/api/adapters/rest/api.go:154.18,157.5 2 0
yadro.com/course/api/adapters/rest/api.go:158.4,158.23 1 0
yadro.com/course/api/adapters/rest/api.go:158.23,161.5 2 0
yadro.com/course/api/adapters/rest/api.go:162.4,162.23 1 0
yadro.com/course/api/adapters/rest/api.go:164.3,168.17 2 0
yadro.com/course/api/adapters/rest/api.go:168.17,171.4 2 0
yadro.com/course/api/adapters/rest/api.go:173.3,177.57 2 0
yadro.com/course/api/adapters/rest/api.go:177.57,181.4 3 0
yadro.com/course/api/adapters/rest/api.go:185.85,186.54 1 1
yadro.com/course/api/adapters/rest/api.go:186.54,188.23 2 1
yadro.com/course/api/adapters/rest/api.go:188.23,191.4 2 1
yadro.com/course/api/adapters/rest/api.go:192.3,194.21 3 1
yadro.com/course/api/adapters/rest/api.go:194.21,196.18 2 1
yadro.com/course/api/adapters/rest/api.go:196.18,199.5 2 1
yadro.com/course/api/adapters/rest/api.go:200.4,200.23 1 1
yadro.com/course/api/adapters/rest/api.go:200.23,203.5 2 1
yadro.com/course/api/adapters/rest/api.go:204.4,204.23 1 1
yadro.com/course/api/adapters/rest/api.go:206.3,210.17 2 1
yadro.com/course/api/adapters/rest/api.go:210.17,213.4 2 1
yadro.com/course/api/adapters/rest/api.go:215.3,219.57 2 1
yadro.com/course/api/adapters/rest/api.go:219.57,223.4 3 0
yadro.com/course/api/adapters/rest/middleware/auth.go:14.75,15.54 1 1
yadro.com/course/api/adapters/rest/middleware/auth.go:15.54,17.23 2 1
yadro.com/course/api/adapters/rest/middleware/auth.go:17.23,20.4 2 1
yadro.com/course/api/adapters/rest/middleware/auth.go:21.3,21.47 1 1
yadro.com/course/api/adapters/rest/middleware/auth.go:21.47,24.4 2 1
yadro.com/course/api/adapters/rest/middleware/auth.go:25.3,27.17 3 1
yadro.com/course/api/adapters/rest/middleware/auth.go:27.17,31.4 3 1
yadro.com/course/api/adapters/rest/middleware/auth.go:32.3,32.13 1 1
yadro.com/course/isearch/adapters/grpc/server.go:12.48,14.2 1 1
yadro.com/course/isearch/adapters/grpc/server.go:21.84,21.103 1 1
yadro.com/course/isearch/adapters/grpc/server.go:23.113,28.16 2 1
yadro.com/course/isearch/adapters/grpc/server.go:28.16,31.3 2 1
yadro.com/course/isearch/adapters/grpc/server.go:32.2,34.8 1 1
yadro.com/course/isearch/adapters/initiator/initiator.go:17.85,23.2 1 1
yadro.com/course/isearch/adapters/initiator/initiator.go:25.60,27.52 2 1
yadro.com/course/isearch/adapters/initiator/initiator.go:27.52,30.3 2 1
yadro.com/course/isearch/adapters/initiator/initiator.go:31.2,32.12 2 1
yadro.com/course/isearch/adapters/initiator/initiator.go:35.48,38.6 3 1
yadro.com/course/isearch/adapters/initiator/initiator.go:38.6,39.10 1 1
yadro.com/course/isearch/adapters/initiator/initiator.go:40.21,42.10 2 1
yadro.com/course/isearch/adapters/initiator/initiator.go:43.19,45.54 2 1
yadro.com/course/isearch/adapters/initiator/initiator.go:45.54,47.5 1 1
yadro.com/course/isearch/core/service.go:30.73,36.2 1 1
yadro.com/course/isearch/core/service.go:38.51,42.2 3 1
yadro.com/course/isearch/core/service.go:44.35,46.2 1 1
yadro.com/course/isearch/core/service.go:48.74,55.31 3 1
yadro.com/course/isearch/core/service.go:55.31,57.3 1 1
yadro.com/course/isearch/core/service.go:59.2,59.22 1 1
yadro.com/course/isearch/core/service.go:59.22,61.3 1 1
yadro.com/course/isearch/core/service.go:62.2,63.16 2 1
yadro.com/course/isearch/core/service.go:63.16,65.3 1 0
yadro.com/course/isearch/core/service.go:66.2,66.34 1 1
yadro.com/course/isearch/core/service.go:66.34,69.42 3 1
yadro.com/course/isearch/core/service.go:69.42,72.18 2 1
yadro.com/course/isearch/core/service.go:72.18,74.5 1 0
yadro.com/course/isearch/core/service.go:76.4,76.46 1 1
yadro.com/course/isearch/core/service.go:76.46,78.19 2 1
yadro.com/course/isearch/core/service.go:78.19,80.6 1 0
yadro.com/course/isearch/core/service.go:81.5,81.35 1 1
yadro.com/course/isearch/core/service.go:84.4,87.6 1 1
yadro.com/course/isearch/core/service.go:90.2,94.25 4 1
yadro.com/course/isearch/core/service.go:97.59,98.47 1 1
yadro.com/course/isearch/core/service.go:98.47,101.3 2 1
yadro.com/course/isearch/core/service.go:102.2,105.16 4 1
yadro.com/course/isearch/core/service.go:105.16,108.3 2 1
yadro.com/course/isearch/core/service.go:109.2,110.16 2 1
yadro.com/course/isearch/core/service.go:110.16,112.3 1 0
yadro.com/course/isearch/core/service.go:114.2,116.12 3 1
yadro.com/course/isearch/core/service.go:119.71,129.2 6 1
yadro.com/course/isearch/core/service.go:131.89,133.42 2 1
yadro.com/course/isearch/core/service.go:133.42,135.10 2 1
yadro.com/course/isearch/core/service.go:135.10,136.12 1 0
yadro.com/course/isearch/core/service.go:138.3,139.36 2 1
yadro.com/course/isearch/core/service.go:139.36,148.4 2 1
yadro.com/course/isearch/core/service.go:150.2,150.18 1 1
yadro.com/course/isearch/core/service.go:153.86,156.16 3 1
yadro.com/course/isearch/core/service.go:156.16,158.3 1 1
yadro.com/course/isearch/core/service.go:159.2,160.25 2 1
yadro.com/course/isearch/core/service.go:160.25,162.3 1 1
yadro.com/course/isearch/core/service.go:163.2,166.41 3 1
yadro.com/course/isearch/core/service.go:166.41,171.3 1 1
yadro.com/course/isearch/core/service.go:173.2,173.49 1 1
yadro.com/course/isearch/core/service.go:173.49,175.3 1 1
yadro.com/course/isearch/core/service.go:177.2,177.37 1 1
yadro.com/course/isearch/core/service.go:177.37,179.3 1 1
yadro.com/course/isearch/core/service.go:180.2,183.40 3 1
yadro.com/course/isearch/core/service.go:183.40,184.24 1 1
yadro.com/course/isearch/core/service.go:184.24,185.12 1 0
yadro.com/course/isearch/core/service.go:188.3,189.17 2 1
yadro.com/course/isearch/core/service.go:189.17,191.4 1 1
yadro.com/course/isearch/core/service.go:192.3,195.5 1 1
yadro.com/course/isearch/core/service.go:197.2,197.20 1 1
yadro.com/course/search/adapters/grpc/server.go:14.47,16.2 1 1
yadro.com/course/search/adapters/grpc/server.go:23.84,23.103 1 1
yadro.com/course/search/adapters/grpc/server.go:25.108,30.16 2 1
yadro.com/course/search/adapters/grpc/server.go:30.16,33.3 2 1
yadro.com/course/search/adapters/grpc/server.go:34.2,36.8 1 1
yadro.com/course/search/core/service.go:17.73,23.2 1 1
yadro.com/course/search/core/service.go:25.84,27.16 2 1
yadro.com/course/search/core/service.go:27.16,29.3 1 1
yadro.com/course/search/core/service.go:31.2,32.16 2 1
yadro.com/course/search/core/service.go:32.16,34.3 1 1
yadro.com/course/search/core/service.go:35.2,38.31 3 1
yadro.com/course/search/core/service.go:38.31,41.3 2 1
yadro.com/course/search/core/service.go:43.2,43.22 1 1
yadro.com/course/search/core/service.go:43.22,45.3 1 1
yadro.com/course/search/core/service.go:47.2,47.39 1 1
yadro.com/course/search/core/service.go:47.39,49.3 1 1
yadro.com/course/search/core/service.go:51.2,52.16 2 1
yadro.com/course/search/core/service.go:52.16,54.3 1 0
yadro.com/course/search/core/service.go:55.2,56.16 2 1
yadro.com/course/search/core/service.go:56.16,58.3 1 0
yadro.com/course/search/core/service.go:59.2,60.16 2 1
yadro.com/course/search/core/service.go:60.16,62.3 1 1
yadro.com/course/search/core/service.go:63.2,65.35 2 1
yadro.com/course/search/core/service.go:65.35,66.25 1 1
yadro.com/course/search/core/service.go:66.25,67.12 1 1
yadro.com/course/search/core/service.go:69.3,70.17 2 1
yadro.com/course/search/core/service.go:70.17,72.4 1 0
yadro.com/course/search/core/service.go:73.3,76.5 1 1
yadro.com/course/search/core/service.go:78.2,78.20 1 1
yadro.com/course/update/adapters/grpc/server.go:14.46,16.2 1 1
yadro.com/course/update/adapters/grpc/server.go:23.84,23.103 1 1
yadro.com/course/update/adapters/grpc/server.go:25.95,30.2 2 1
yadro.com/course/update/adapters/grpc/server.go:32.95,33.49 1 1
yadro.com/course/update/adapters/grpc/server.go:33.49,35.3 1 1
yadro.com/course/update/adapters/grpc/server.go:36.2,37.16 2 1
yadro.com/course/update/adapters/grpc/server.go:37.16,39.3 1 1
yadro.com/course/update/adapters/grpc/server.go:40.2,42.8 1 1
yadro.com/course/update/adapters/grpc/server.go:45.93,47.16 2 1
yadro.com/course/update/adapters/grpc/server.go:47.16,50.3 2 1
yadro.com/course/update/adapters/grpc/server.go:51.2,56.8 1 1
yadro.com/course/update/adapters/grpc/server.go:59.86,62.2 2 1
yadro.com/course/update/core/service.go:24.21,25.21 1 1
yadro.com/course/update/core/service.go:25.21,27.3 1 1
yadro.com/course/update/core/service.go:28.2,35.8 1 1
yadro.com/course/update/core/service.go:38.102,39.29 1 1
yadro.com/course/update/core/service.go:39.29,41.17 2 1
yadro.com/course/update/core/service.go:41.17,43.12 2 0
yadro.com/course/update/core/service.go:45.3,56.17 3 1
yadro.com/course/update/core/service.go:56.17,58.12 2 0
yadro.com/course/update/core/service.go:60.3,65.17 2 1
yadro.com/course/update/core/service.go:65.17,67.12 2 1
yadro.com/course/update/core/service.go:69.3,69.27 1 1
yadro.com/course/update/core/service.go:73.73,76.39 3 1
yadro.com/course/update/core/service.go:76.39,78.3 1 1
yadro.com/course/update/core/service.go:79.2,79.37 1 1
yadro.com/course/update/core/service.go:79.37,80.32 1 1
yadro.com/course/update/core/service.go:80.32,82.4 1 1
yadro.com/course/update/core/service.go:85.2,85.23 1 1
yadro.com/course/update/core/service.go:88.63,89.36 1 1
yadro.com/course/update/core/service.go:89.36,91.3 1 1
yadro.com/course/update/core/service.go:92.2,94.16 3 1
yadro.com/course/update/core/service.go:94.16,96.3 1 0
yadro.com/course/update/core/service.go:97.2,98.16 2 1
yadro.com/course/update/core/service.go:98.16,100.3 1 0
yadro.com/course/update/core/service.go:101.2,108.26 6 1
yadro.com/course/update/core/service.go:108.26,109.16 1 1
yadro.com/course/update/core/service.go:109.16,111.4 1 1
yadro.com/course/update/core/service.go:114.2,114.35 1 1
yadro.com/course/update/core/service.go:114.35,116.3 1 1
yadro.com/course/update/core/service.go:117.2,121.16 4 1
yadro.com/course/update/core/service.go:121.16,124.3 2 0
yadro.com/course/update/core/service.go:125.2,127.8 1 1
yadro.com/course/update/core/service.go:130.68,132.16 2 1
yadro.com/course/update/core/service.go:132.16,134.3 1 0
yadro.com/course/update/core/service.go:135.2,136.16 2 1
yadro.com/course/update/core/service.go:136.16,138.3 1 0
yadro.com/course/update/core/service.go:139.2,142.8 1 1
yadro.com/course/update/core/service.go:145.61,146.26 1 1
yadro.com/course/update/core/service.go:146.26,148.3 1 1
yadro.com/course/update/core/service.go:149.2,149.22 1 1
yadro.com/course/update/core/service.go:152.51,154.16 2 1
yadro.com/course/update/core/service.go:154.16,156.3 1 0
yadro.com/course/update/core/service.go:157.2,158.16 2 1
yadro.com/course/update/core/service.go:158.16,161.3 2 0
yadro.com/course/update/core/service.go:162.2,162.12 1 1
yadro.com/course/words/words/words.go:15.50,17.61 2 1
yadro.com/course/words/words/words.go:17.61,19.3 1 1
yadro.com/course/words/words/words.go:20.2,20.15 1 1
yadro.com/course/words/words/words.go:23.50,27.2 3 1
yadro.com/course/words/words/words.go:29.80,31.31 2 1
yadro.com/course/words/words/words.go:31.31,32.31 1 1
yadro.com/course/words/words/words.go:32.31,33.12 1 1
yadro.com/course/words/words/words.go:35.3,37.17 3 1
yadro.com/course/words/words/words.go:37.17,39.4 1 1
yadro.com/course/words/words/words.go:41.2,41.20 1 1
yadro.com/course/words/words/words.go:44.62,50.16 4 1
yadro.com/course/words/words/words.go:50.16,53.3 2 1
yadro.com/course/words/words/words.go:54.2,55.20 2 1
yadro.com/course/words/words/words.go:58.77,64.16 4 1
yadro.com/course/words/words/words.go:64.16,67.3 2 1
yadro.com/course/words/words/words.go:68.2,68.20 1 1
