mode: set
yadro.com/course/api/adapters/rest/api.go:13.58,16.2 2 1
yadro.com/course/api/adapters/rest/api.go:18.43,19.54 1 0
yadro.com/course/api/adapters/rest/api.go:19.54,21.3 1 0
yadro.com/course/api/adapters/rest/api.go:24.88,25.54 1 1
yadro.com/course/api/adapters/rest/api.go:25.54,27.38 2 1
yadro.com/course/api/adapters/rest/api.go:27.38,28.52 1 1
yadro.com/course/api/adapters/rest/api.go:28.52,31.13 3 1
yadro.com/course/api/adapters/rest/api.go:33.4,33.25 1 1
yadro.com/course/api/adapters/rest/api.go:35.3,36.57 2 1
yadro.com/course/api/adapters/rest/api.go:36.57,39.4 2 0
yadro.com/course/api/adapters/rest/api.go:47.77,48.54 1 1
yadro.com/course/api/adapters/rest/api.go:48.54,49.16 1 1
yadro.com/course/api/adapters/rest/api.go:49.16,50.41 1 1
yadro.com/course/api/adapters/rest/api.go:50.41,52.5 1 0
yadro.com/course/api/adapters/rest/api.go:54.3,56.17 3 1
yadro.com/course/api/adapters/rest/api.go:56.17,60.4 3 1
yadro.com/course/api/adapters/rest/api.go:61.3,62.17 2 1
yadro.com/course/api/adapters/rest/api.go:62.17,66.4 3 0
yadro.com/course/api/adapters/rest/api.go:68.3,71.38 3 1
yadro.com/course/api/adapters/rest/api.go:75.80,76.54 1 1
yadro.com/course/api/adapters/rest/api.go:76.54,78.17 2 1
yadro.com/course/api/adapters/rest/api.go:78.17,82.4 3 0
yadro.com/course/api/adapters/rest/api.go:83.3,86.57 2 1
yadro.com/course/api/adapters/rest/api.go:86.57,90.4 3 0
yadro.com/course/api/adapters/rest/api.go:94.85,95.54 1 1
yadro.com/course/api/adapters/rest/api.go:95.54,97.17 2 1
yadro.com/course/api/adapters/rest/api.go:97.17,100.4 2 1
yadro.com/course/api/adapters/rest/api.go:101.3,107.57 2 1
yadro.com/course/api/adapters/rest/api.go:107.57,111.4 3 0
yadro.com/course/api/adapters/rest/api.go:115.86,116.54 1 1
yadro.com/course/api/adapters/rest/api.go:116.54,118.17 2 1
yadro.com/course/api/adapters/rest/api.go:118.17,121.4 2 1
yadro.com/course/api/adapters/rest/api.go:122.3,125.57 2 1
yadro.com/course/api/adapters/rest/api.go:125.57,129.4 3 0
yadro.com/course/api/adapters/rest/api.go:133.78,134.54 1 1
yadro.com/course/api/adapters/rest/api.go:134.54,136.17 2 1
yadro.com/course/api/adapters/rest/api.go:136.17,139.4 2 0
yadro.com/course/api/adapters/rest/api.go:143.82,144.54 1 0
yadro.com/course/api/adapters/rest/api.go:144.54,146.23 2 0
yadro.com/course/api/adapters/rest/api.go:146.23,149.4 2 0
yadro.com/course/api/adapters/rest/api.go:150.3,152.21 3 0
yadro.com/course/api/adapters/rest/api.go:152.21,154.18 2 0
yadro.com/course/api/adapters/rest/api.go:154.18,157.5 2 0
yadro.com/course/api/adapters/rest/api.go:158.4,158.23 1 0
yadro.com/course/api/adapters/rest/api.go:158.23,161.5 2 0
yadro.com/course/api/adapters/rest/api.go:162.4,162.23 1 0
yadro.com/course/api/adapters/rest/api.go:164.3,168.17 2 0
yadro.com/course/api/adapters/rest/api.go:168.17,171.4 2 0
yadro.com/course/api/adapters/rest/api.go:173.3,177.57 2 0
yadro.com/course/api/adapters/rest/api.go:177.57,181.4 3 0
yadro.com/course/api/adapters/rest/api.go:185.85,186.54 1 1
yadro.com/course/api/adapters/rest/api.go:186.54,188.23 2 1
yadro.com/course/api/adapters/rest/api.go:188.23,191.4 2 1
yadro.com/course/api/adapters/rest/api.go:192.3,194.21 3 1
yadro.com/course/api/adapters/rest/api.go:194.21,196.18 2 1
yadro.com/course/api/adapters/rest/api.go:196.18,199.5 2 1
yadro.com/course/api/adapters/rest/api.go:200.4,200.23 1 1
yadro.com/course/api/adapters/rest/api.go:200.23,203.5 2 1
yadro.com/course/api/adapters/rest/api.go:204.4,204.23 1 1
yadro.com/course/api/adapters/rest/api.go:206.3,210.17 2 1
yadro.com/course/api/adapters/rest/api.go:210.17,213.4 2 1
yadro.com/course/api/adapters/rest/api.go:215.3,219.57 2 1
yadro.com/course/api/adapters/rest/api.go:219.57,223.4 3 0
yadro.com/course/api/adapters/rest/error.go:11.41,12.9 1 1
yadro.com/course/api/adapters/rest/error.go:13.42,14.72 1 0
yadro.com/course/api/adapters/rest/error.go:15.40,16.65 1 0
yadro.com/course/api/adapters/rest/error.go:17.45,18.55 1 0
yadro.com/course/api/adapters/rest/error.go:19.43,20.63 1 0
yadro.com/course/api/adapters/rest/error.go:21.45,22.61 1 0
yadro.com/course/api/adapters/rest/error.go:23.44,24.55 1 0
yadro.com/course/api/adapters/rest/error.go:25.10,27.57 2 1
yadro.com/course/api/adapters/rest/mapper.go:5.51,10.2 1 1
yadro.com/course/api/adapters/rest/mapper.go:12.60,14.27 2 1
yadro.com/course/api/adapters/rest/mapper.go:14.27,16.3 1 1
yadro.com/course/api/adapters/rest/mapper.go:18.2,18.18 1 1
yadro.com/course/api/adapters/rest/middleware/auth.go:14.75,15.54 1 1
yadro.com/course/api/adapters/rest/middleware/auth.go:15.54,17.23 2 1
yadro.com/course/api/adapters/rest/middleware/auth.go:17.23,20.4 2 1
yadro.com/course/api/adapters/rest/middleware/auth.go:21.3,21.47 1 1
yadro.com/course/api/adapters/rest/middleware/auth.go:21.47,24.4 2 1
yadro.com/course/api/adapters/rest/middleware/auth.go:25.3,27.17 3 1
yadro.com/course/api/adapters/rest/middleware/auth.go:27.17,31.4 3 1
yadro.com/course/api/adapters/rest/middleware/auth.go:32.3,32.13 1 1
yadro.com/course/api/adapters/rest/middleware/concurrency.go:7.69,9.54 2 0
yadro.com/course/api/adapters/rest/middleware/concurrency.go:9.54,10.10 1 0
yadro.com/course/api/adapters/rest/middleware/concurrency.go:11.27,12.17 1 0
yadro.com/course/api/adapters/rest/middleware/concurrency.go:12.17,12.27 1 0
yadro.com/course/api/adapters/rest/middleware/concurrency.go:13.4,13.14 1 0
yadro.com/course/api/adapters/rest/middleware/concurrency.go:14.11,16.10 2 0
yadro.com/course/api/adapters/rest/middleware/metric.go:25.13,27.2 1 0
yadro.com/course/api/adapters/rest/middleware/metric.go:29.63,34.2 1 0
yadro.com/course/api/adapters/rest/middleware/metric.go:36.55,37.20 1 0
yadro.com/course/api/adapters/rest/middleware/metric.go:37.20,39.3 1 0
yadro.com/course/api/adapters/rest/middleware/metric.go:41.2,43.43 3 0
yadro.com/course/api/adapters/rest/middleware/metric.go:46.56,47.21 1 0
yadro.com/course/api/adapters/rest/middleware/metric.go:47.21,49.3 1 0
yadro.com/course/api/adapters/rest/middleware/metric.go:50.2,50.35 1 0
yadro.com/course/api/adapters/rest/middleware/metric.go:53.50,54.71 1 0
yadro.com/course/api/adapters/rest/middleware/metric.go:54.71,69.3 7 0
yadro.com/course/api/adapters/rest/middleware/rate.go:9.60,11.54 2 0
yadro.com/course/api/adapters/rest/middleware/rate.go:11.54,12.51 1 0
yadro.com/course/api/adapters/rest/middleware/rate.go:12.51,15.4 2 0
yadro.com/course/api/adapters/rest/middleware/rate.go:16.3,16.13 1 0
yadro.com/course/api/adapters/isearch/error.go:9.36,11.9 2 0
yadro.com/course/api/adapters/isearch/error.go:11.9,13.3 1 0
yadro.com/course/api/adapters/isearch/error.go:14.2,14.19 1 0
yadro.com/course/api/adapters/isearch/error.go:15.29,16.28 1 0
yadro.com/course/api/adapters/isearch/error.go:17.22,18.26 1 0
yadro.com/course/api/adapters/isearch/error.go:19.25,20.29 1 0
yadro.com/course/api/adapters/isearch/error.go:21.32,22.31 1 0
yadro.com/course/api/adapters/isearch/error.go:23.10,24.26 1 0
yadro.com/course/api/adapters/isearch/isearch.go:46.67,53.16 2 0
yadro.com/course/api/adapters/isearch/isearch.go:53.16,55.3 1 0
yadro.com/course/api/adapters/isearch/isearch.go:56.2,60.8 1 0
yadro.com/course/api/adapters/isearch/isearch.go:63.49,66.2 2 0
yadro.com/course/api/adapters/isearch/isearch.go:68.94,73.16 2 0
yadro.com/course/api/adapters/isearch/isearch.go:73.16,75.3 1 0
yadro.com/course/api/adapters/isearch/isearch.go:77.2,79.45 2 0
yadro.com/course/api/adapters/isearch/isearch.go:79.45,84.3 1 0
yadro.com/course/api/adapters/isearch/isearch.go:85.2,85.20 1 0
yadro.com/course/api/adapters/isearch/isearch.go:88.31,90.2 1 0
yadro.com/course/api/main.go:25.13,38.16 9 0
yadro.com/course/api/main.go:38.16,41.3 2 0
yadro.com/course/api/main.go:43.2,44.16 2 0
yadro.com/course/api/main.go:44.16,47.3 2 0
yadro.com/course/api/main.go:49.2,50.16 2 0
yadro.com/course/api/main.go:50.16,53.3 2 0
yadro.com/course/api/main.go:55.2,56.16 2 0
yadro.com/course/api/main.go:56.16,59.3 2 0
yadro.com/course/api/main.go:61.2,62.16 2 0
yadro.com/course/api/main.go:62.16,65.3 2 0
yadro.com/course/api/main.go:67.2,99.53 22 0
yadro.com/course/api/main.go:99.53,99.67 1 0
yadro.com/course/api/main.go:102.2,102.12 1 0
yadro.com/course/api/main.go:102.12,105.63 3 0
yadro.com/course/api/main.go:105.63,107.4 1 0
yadro.com/course/api/main.go:110.2,111.48 2 0
yadro.com/course/api/main.go:111.48,112.44 1 0
yadro.com/course/api/main.go:112.44,115.4 2 0
yadro.com/course/api/main.go:119.51,121.18 2 0
yadro.com/course/api/main.go:122.15,123.26 1 0
yadro.com/course/api/main.go:124.14,125.25 1 0
yadro.com/course/api/main.go:126.15,127.26 1 0
yadro.com/course/api/main.go:128.10,129.42 1 0
yadro.com/course/api/main.go:131.2,132.26 2 0
yadro.com/course/api/adapters/aaa/auth.go:24.65,28.9 4 0
yadro.com/course/api/adapters/aaa/auth.go:28.9,30.3 1 0
yadro.com/course/api/adapters/aaa/auth.go:31.2,32.9 2 0
yadro.com/course/api/adapters/aaa/auth.go:32.9,34.3 1 0
yadro.com/course/api/adapters/aaa/auth.go:36.2,40.8 1 0
yadro.com/course/api/adapters/aaa/auth.go:43.59,44.58 1 0
yadro.com/course/api/adapters/aaa/auth.go:44.58,46.3 1 0
yadro.com/course/api/adapters/aaa/auth.go:46.8,53.17 4 0
yadro.com/course/api/adapters/aaa/auth.go:53.17,55.4 1 0
yadro.com/course/api/adapters/aaa/auth.go:56.3,56.26 1 0
yadro.com/course/api/adapters/aaa/auth.go:60.47,61.83 1 0
yadro.com/course/api/adapters/aaa/auth.go:61.83,62.58 1 0
yadro.com/course/api/adapters/aaa/auth.go:62.58,64.4 1 0
yadro.com/course/api/adapters/aaa/auth.go:65.3,65.32 1 0
yadro.com/course/api/adapters/aaa/auth.go:67.2,67.16 1 0
yadro.com/course/api/adapters/aaa/auth.go:67.16,69.26 2 0
yadro.com/course/api/adapters/aaa/auth.go:69.26,70.49 1 0
yadro.com/course/api/adapters/aaa/auth.go:70.49,72.5 1 0
yadro.com/course/api/adapters/aaa/auth.go:74.3,74.13 1 0
yadro.com/course/api/adapters/aaa/auth.go:76.2,76.18 1 0
yadro.com/course/api/adapters/aaa/auth.go:76.18,78.3 1 0
yadro.com/course/api/adapters/aaa/auth.go:79.2,80.9 2 0
yadro.com/course/api/adapters/aaa/auth.go:80.9,82.3 1 0
yadro.com/course/api/adapters/aaa/auth.go:83.2,83.32 1 0
yadro.com/course/api/adapters/aaa/auth.go:83.32,85.3 1 0
yadro.com/course/api/adapters/aaa/auth.go:86.2,86.12 1 0
yadro.com/course/api/adapters/update/error.go:10.57,11.11 1 0
yadro.com/course/api/adapters/update/error.go:12.36,13.34 1 0
yadro.com/course/api/adapters/update/error.go:15.33,16.31 1 0
yadro.com/course/api/adapters/update/error.go:18.10,19.34 1 0
yadro.com/course/api/adapters/update/error.go:23.36,25.9 2 0
yadro.com/course/api/adapters/update/error.go:25.9,27.3 1 0
yadro.com/course/api/adapters/update/error.go:29.2,29.19 1 0
yadro.com/course/api/adapters/update/error.go:30.25,31.31 1 0
yadro.com/course/api/adapters/update/error.go:33.29,34.28 1 0
yadro.com/course/api/adapters/update/error.go:36.10,37.26 1 0
yadro.com/course/api/adapters/update/update.go:45.67,52.16 2 0
yadro.com/course/api/adapters/update/update.go:52.16,54.3 1 0
yadro.com/course/api/adapters/update/update.go:55.2,58.8 1 0
yadro.com/course/api/adapters/update/update.go:61.49,64.2 2 0
yadro.com/course/api/adapters/update/update.go:66.72,68.16 2 0
yadro.com/course/api/adapters/update/update.go:68.16,70.3 1 0
yadro.com/course/api/adapters/update/update.go:71.2,72.20 2 0
yadro.com/course/api/adapters/update/update.go:75.70,77.16 2 0
yadro.com/course/api/adapters/update/update.go:77.16,79.3 1 0
yadro.com/course/api/adapters/update/update.go:80.2,85.8 1 0
yadro.com/course/api/adapters/update/update.go:88.72,90.16 2 0
yadro.com/course/api/adapters/update/update.go:90.16,92.3 1 0
yadro.com/course/api/adapters/update/update.go:93.2,95.8 1 0
yadro.com/course/api/adapters/update/update.go:98.49,100.16 2 0
yadro.com/course/api/adapters/update/update.go:100.16,102.3 1 0
yadro.com/course/api/adapters/update/update.go:103.2,103.12 1 0
yadro.com/course/api/adapters/update/update.go:106.31,108.2 1 0
yadro.com/course/api/adapters/search/error.go:9.36,11.9 2 0
yadro.com/course/api/adapters/search/error.go:11.9,13.3 1 0
yadro.com/course/api/adapters/search/error.go:14.2,14.19 1 0
yadro.com/course/api/adapters/search/error.go:15.29,16.28 1 0
yadro.com/course/api/adapters/search/error.go:17.22,18.26 1 0
yadro.com/course/api/adapters/search/error.go:19.10,20.26 1 0
yadro.com/course/api/adapters/search/search.go:47.67,54.16 2 0
yadro.com/course/api/adapters/search/search.go:54.16,56.3 1 0
yadro.com/course/api/adapters/search/search.go:57.2,61.8 1 0
yadro.com/course/api/adapters/search/search.go:64.49,67.2 2 0
yadro.com/course/api/adapters/search/search.go:69.92,74.16 2 0
yadro.com/course/api/adapters/search/search.go:74.16,76.3 1 0
yadro.com/course/api/adapters/search/search.go:78.2,80.44 2 0
yadro.com/course/api/adapters/search/search.go:80.44,85.3 1 0
yadro.com/course/api/adapters/search/search.go:86.2,86.20 1 0
yadro.com/course/api/adapters/search/search.go:89.31,91.2 1 0
yadro.com/course/api/closers/closers.go:8.46,9.34 1 0
yadro.com/course/api/closers/closers.go:9.34,11.3 1 0
yadro.com/course/api/config/config.go:27.41,29.62 2 0
yadro.com/course/api/config/config.go:29.62,31.3 1 0
yadro.com/course/api/config/config.go:32.2,32.12 1 0
yadro.com/course/api/adapters/words/error.go:9.36,11.9 2 0
yadro.com/course/api/adapters/words/error.go:11.9,13.3 1 0
yadro.com/course/api/adapters/words/error.go:14.2,14.19 1 0
yadro.com/course/api/adapters/words/error.go:15.31,16.28 1 0
yadro.com/course/api/adapters/words/error.go:17.22,18.26 1 0
yadro.com/course/api/adapters/words/error.go:19.10,20.26 1 0
yadro.com/course/api/adapters/words/words.go:44.67,51.16 2 0
yadro.com/course/api/adapters/words/words.go:51.16,53.3 1 0
yadro.com/course/api/adapters/words/words.go:54.2,58.8 1 0
yadro.com/course/api/adapters/words/words.go:61.76,63.16 2 0
yadro.com/course/api/adapters/words/words.go:63.16,65.3 1 0
yadro.com/course/api/adapters/words/words.go:66.2,66.26 1 0
yadro.com/course/api/adapters/words/words.go:69.49,72.2 2 0
yadro.com/course/api/adapters/words/words.go:74.31,76.2 1 0
yadro.com/course/isearch/main.go:25.13,33.38 6 0
yadro.com/course/isearch/main.go:33.38,36.3 2 0
yadro.com/course/isearch/main.go:39.53,44.16 4 0
yadro.com/course/isearch/main.go:44.16,46.3 1 0
yadro.com/course/isearch/main.go:48.2,49.16 2 0
yadro.com/course/isearch/main.go:49.16,51.3 1 0
yadro.com/course/isearch/main.go:53.2,57.16 3 0
yadro.com/course/isearch/main.go:57.16,59.3 1 0
yadro.com/course/isearch/main.go:62.2,63.16 2 0
yadro.com/course/isearch/main.go:63.16,65.3 1 0
yadro.com/course/isearch/main.go:67.2,76.56 7 0
yadro.com/course/isearch/main.go:76.56,79.3 1 0
yadro.com/course/isearch/main.go:81.2,84.16 3 0
yadro.com/course/isearch/main.go:84.16,86.3 1 0
yadro.com/course/isearch/main.go:88.2,90.16 2 0
yadro.com/course/isearch/main.go:90.16,92.3 1 0
yadro.com/course/isearch/main.go:94.2,94.42 1 0
yadro.com/course/isearch/main.go:94.42,95.13 1 0
yadro.com/course/isearch/main.go:95.13,99.18 4 0
yadro.com/course/isearch/main.go:99.18,101.5 1 0
yadro.com/course/isearch/main.go:105.2,105.16 1 0
yadro.com/course/isearch/main.go:105.16,107.3 1 0
yadro.com/course/isearch/main.go:109.2,109.15 1 0
yadro.com/course/isearch/main.go:109.15,111.17 2 0
yadro.com/course/isearch/main.go:111.17,113.4 1 0
yadro.com/course/isearch/main.go:116.2,116.12 1 0
yadro.com/course/isearch/main.go:116.12,120.3 3 0
yadro.com/course/isearch/main.go:122.2,122.42 1 0
yadro.com/course/isearch/main.go:122.42,124.3 1 0
yadro.com/course/isearch/main.go:125.2,125.12 1 0
yadro.com/course/isearch/main.go:128.51,130.18 2 0
yadro.com/course/isearch/main.go:131.15,132.26 1 0
yadro.com/course/isearch/main.go:133.14,134.25 1 0
yadro.com/course/isearch/main.go:135.15,136.26 1 0
yadro.com/course/isearch/main.go:137.10,138.42 1 0
yadro.com/course/isearch/main.go:140.2,141.26 2 0
yadro.com/course/isearch/adapters/grpc/error.go:9.36,11.9 2 1
yadro.com/course/isearch/adapters/grpc/error.go:11.9,13.3 1 1
yadro.com/course/isearch/adapters/grpc/error.go:14.2,14.19 1 0
yadro.com/course/isearch/adapters/grpc/error.go:15.31,16.28 1 0
yadro.com/course/isearch/adapters/grpc/error.go:17.22,18.26 1 0
yadro.com/course/isearch/adapters/grpc/error.go:19.25,20.29 1 0
yadro.com/course/isearch/adapters/grpc/error.go:21.32,22.31 1 0
yadro.com/course/isearch/adapters/grpc/error.go:23.10,24.26 1 0
yadro.com/course/isearch/adapters/grpc/mapper.go:8.59,11.24 2 1
yadro.com/course/isearch/adapters/grpc/mapper.go:11.24,16.3 1 1
yadro.com/course/isearch/adapters/grpc/mapper.go:18.2,18.12 1 1
yadro.com/course/isearch/adapters/grpc/server.go:12.48,14.2 1 1
yadro.com/course/isearch/adapters/grpc/server.go:21.84,21.103 1 1
yadro.com/course/isearch/adapters/grpc/server.go:23.113,28.16 2 1
yadro.com/course/isearch/adapters/grpc/server.go:28.16,31.3 2 1
yadro.com/course/isearch/adapters/grpc/server.go:32.2,34.8 1 1
yadro.com/course/isearch/closers/closers.go:8.46,9.34 1 0
yadro.com/course/isearch/closers/closers.go:9.34,11.3 1 0
yadro.com/course/isearch/config/config.go:19.41,21.62 2 0
yadro.com/course/isearch/config/config.go:21.62,23.3 1 0
yadro.com/course/isearch/config/config.go:24.2,24.12 1 0
yadro.com/course/isearch/adapters/nats/subscriber.go:9.53,11.16 2 0
yadro.com/course/isearch/adapters/nats/subscriber.go:11.16,13.3 1 0
yadro.com/course/isearch/adapters/nats/subscriber.go:14.2,16.8 1 0
yadro.com/course/isearch/adapters/nats/subscriber.go:19.76,20.70 1 0
yadro.com/course/isearch/adapters/nats/subscriber.go:20.70,22.3 1 0
yadro.com/course/isearch/adapters/nats/subscriber.go:23.2,23.16 1 0
yadro.com/course/isearch/adapters/nats/subscriber.go:23.16,25.3 1 0
yadro.com/course/isearch/adapters/nats/subscriber.go:26.2,26.17 1 0
yadro.com/course/isearch/adapters/nats/subscriber.go:29.30,31.2 1 0
yadro.com/course/isearch/adapters/db/storage.go:23.57,26.16 2 0
yadro.com/course/isearch/adapters/db/storage.go:26.16,29.3 2 0
yadro.com/course/isearch/adapters/db/storage.go:31.2,34.8 1 0
yadro.com/course/isearch/adapters/db/storage.go:37.81,41.16 3 0
yadro.com/course/isearch/adapters/db/storage.go:41.16,43.3 1 0
yadro.com/course/isearch/adapters/db/storage.go:44.2,46.33 2 0
yadro.com/course/isearch/adapters/db/storage.go:46.33,51.3 1 0
yadro.com/course/isearch/adapters/db/storage.go:52.2,52.20 1 0
yadro.com/course/isearch/adapters/db/storage.go:55.78,59.16 4 0
yadro.com/course/isearch/adapters/db/storage.go:59.16,61.3 1 0
yadro.com/course/isearch/adapters/db/storage.go:62.2,62.22 1 0
yadro.com/course/isearch/adapters/words/error.go:9.36,11.9 2 0
yadro.com/course/isearch/adapters/words/error.go:11.9,13.3 1 0
yadro.com/course/isearch/adapters/words/error.go:14.2,14.19 1 0
yadro.com/course/isearch/adapters/words/error.go:15.31,16.28 1 0
yadro.com/course/isearch/adapters/words/error.go:17.22,18.26 1 0
yadro.com/course/isearch/adapters/words/error.go:19.10,20.26 1 0
yadro.com/course/isearch/adapters/words/words.go:44.67,51.16 2 0
yadro.com/course/isearch/adapters/words/words.go:51.16,53.3 1 0
yadro.com/course/isearch/adapters/words/words.go:54.2,58.8 1 0
yadro.com/course/isearch/adapters/words/words.go:61.76,63.16 2 0
yadro.com/course/isearch/adapters/words/words.go:63.16,65.3 1 0
yadro.com/course/isearch/adapters/words/words.go:66.2,66.26 1 0
yadro.com/course/isearch/adapters/words/words.go:69.49,72.2 2 0
yadro.com/course/isearch/adapters/words/words.go:74.31,76.2 1 0
yadro.com/course/isearch/adapters/initiator/initiator.go:17.85,23.2 1 1
yadro.com/course/isearch/adapters/initiator/initiator.go:25.60,27.52 2 1
yadro.com/course/isearch/adapters/initiator/initiator.go:27.52,30.3 2 1
yadro.com/course/isearch/adapters/initiator/initiator.go:31.2,32.12 2 1
yadro.com/course/isearch/adapters/initiator/initiator.go:35.48,38.6 3 1
yadro.com/course/isearch/adapters/initiator/initiator.go:38.6,39.10 1 1
yadro.com/course/isearch/adapters/initiator/initiator.go:40.21,42.10 2 1
yadro.com/course/isearch/adapters/initiator/initiator.go:43.19,45.54 2 1
yadro.com/course/isearch/adapters/initiator/initiator.go:45.54,47.5 1 1
yadro.com/course/proto/update/update.pb.go:48.32,52.2 3 0
yadro.com/course/proto/update/update.pb.go:54.33,56.2 1 0
yadro.com/course/proto/update/update.pb.go:58.56,60.2 1 0
yadro.com/course/proto/update/update.pb.go:62.44,64.2 1 0
yadro.com/course/proto/update/update.pb.go:66.50,68.2 1 0
yadro.com/course/proto/update/update.pb.go:71.48,73.2 1 0
yadro.com/course/proto/update/update.pb.go:85.30,90.2 4 0
yadro.com/course/proto/update/update.pb.go:92.38,94.2 1 0
yadro.com/course/proto/update/update.pb.go:96.36,96.37 0 0
yadro.com/course/proto/update/update.pb.go:98.58,100.14 2 0
yadro.com/course/proto/update/update.pb.go:100.14,102.34 2 0
yadro.com/course/proto/update/update.pb.go:102.34,104.4 1 0
yadro.com/course/proto/update/update.pb.go:105.3,105.12 1 0
yadro.com/course/proto/update/update.pb.go:107.2,107.24 1 0
yadro.com/course/proto/update/update.pb.go:111.49,113.2 1 0
yadro.com/course/proto/update/update.pb.go:115.44,116.14 1 0
yadro.com/course/proto/update/update.pb.go:116.14,118.3 1 0
yadro.com/course/proto/update/update.pb.go:119.2,119.10 1 0
yadro.com/course/proto/update/update.pb.go:122.45,123.14 1 0
yadro.com/course/proto/update/update.pb.go:123.14,125.3 1 0
yadro.com/course/proto/update/update.pb.go:126.2,126.10 1 0
yadro.com/course/proto/update/update.pb.go:129.45,130.14 1 0
yadro.com/course/proto/update/update.pb.go:130.14,132.3 1 0
yadro.com/course/proto/update/update.pb.go:133.2,133.10 1 0
yadro.com/course/proto/update/update.pb.go:136.47,137.14 1 0
yadro.com/course/proto/update/update.pb.go:137.14,139.3 1 0
yadro.com/course/proto/update/update.pb.go:140.2,140.10 1 0
yadro.com/course/proto/update/update.pb.go:150.31,155.2 4 0
yadro.com/course/proto/update/update.pb.go:157.39,159.2 1 0
yadro.com/course/proto/update/update.pb.go:161.37,161.38 0 0
yadro.com/course/proto/update/update.pb.go:163.59,165.14 2 0
yadro.com/course/proto/update/update.pb.go:165.14,167.34 2 0
yadro.com/course/proto/update/update.pb.go:167.34,169.4 1 0
yadro.com/course/proto/update/update.pb.go:170.3,170.12 1 0
yadro.com/course/proto/update/update.pb.go:172.2,172.24 1 0
yadro.com/course/proto/update/update.pb.go:176.50,178.2 1 0
yadro.com/course/proto/update/update.pb.go:180.49,181.14 1 0
yadro.com/course/proto/update/update.pb.go:181.14,183.3 1 0
yadro.com/course/proto/update/update.pb.go:184.2,184.10 1 0
yadro.com/course/proto/update/update.pb.go:194.31,199.2 4 0
yadro.com/course/proto/update/update.pb.go:201.39,203.2 1 0
yadro.com/course/proto/update/update.pb.go:205.37,205.38 0 0
yadro.com/course/proto/update/update.pb.go:207.59,209.14 2 0
yadro.com/course/proto/update/update.pb.go:209.14,211.34 2 0
yadro.com/course/proto/update/update.pb.go:211.34,213.4 1 0
yadro.com/course/proto/update/update.pb.go:214.3,214.12 1 0
yadro.com/course/proto/update/update.pb.go:216.2,216.24 1 0
yadro.com/course/proto/update/update.pb.go:220.50,222.2 1 0
yadro.com/course/proto/update/update.pb.go:224.42,225.14 1 0
yadro.com/course/proto/update/update.pb.go:225.14,227.3 1 0
yadro.com/course/proto/update/update.pb.go:228.2,228.34 1 0
yadro.com/course/proto/update/update.pb.go:263.45,264.42 1 0
yadro.com/course/proto/update/update.pb.go:264.42,266.3 1 0
yadro.com/course/proto/update/update.pb.go:267.2,267.38 1 0
yadro.com/course/proto/update/update.pb.go:298.13,298.41 1 0
yadro.com/course/proto/update/update.pb.go:299.31,300.30 1 0
yadro.com/course/proto/update/update.pb.go:300.30,302.3 1 0
yadro.com/course/proto/update/update.pb.go:303.2,320.33 5 0
yadro.com/course/proto/update/update_grpc.pb.go:46.64,48.2 1 0
yadro.com/course/proto/update/update_grpc.pb.go:50.118,54.16 4 0
yadro.com/course/proto/update/update_grpc.pb.go:54.16,56.3 1 0
yadro.com/course/proto/update/update_grpc.pb.go:57.2,57.17 1 0
yadro.com/course/proto/update/update_grpc.pb.go:60.118,64.16 4 0
yadro.com/course/proto/update/update_grpc.pb.go:64.16,66.3 1 0
yadro.com/course/proto/update/update_grpc.pb.go:67.2,67.17 1 0
yadro.com/course/proto/update/update_grpc.pb.go:70.118,74.16 4 0
yadro.com/course/proto/update/update_grpc.pb.go:74.16,76.3 1 0
yadro.com/course/proto/update/update_grpc.pb.go:77.2,77.17 1 0
yadro.com/course/proto/update/update_grpc.pb.go:80.116,84.16 4 0
yadro.com/course/proto/update/update_grpc.pb.go:84.16,86.3 1 0
yadro.com/course/proto/update/update_grpc.pb.go:87.2,87.17 1 0
yadro.com/course/proto/update/update_grpc.pb.go:90.118,94.16 4 0
yadro.com/course/proto/update/update_grpc.pb.go:94.16,96.3 1 0
yadro.com/course/proto/update/update_grpc.pb.go:97.2,97.17 1 0
yadro.com/course/proto/update/update_grpc.pb.go:119.96,121.2 1 0
yadro.com/course/proto/update/update_grpc.pb.go:122.96,124.2 1 0
yadro.com/course/proto/update/update_grpc.pb.go:125.96,127.2 1 0
yadro.com/course/proto/update/update_grpc.pb.go:128.94,130.2 1 0
yadro.com/course/proto/update/update_grpc.pb.go:131.96,133.2 1 0
yadro.com/course/proto/update/update_grpc.pb.go:134.72,134.73 0 0
yadro.com/course/proto/update/update_grpc.pb.go:135.72,135.73 0 0
yadro.com/course/proto/update/update_grpc.pb.go:144.70,149.59 1 0
yadro.com/course/proto/update/update_grpc.pb.go:149.59,151.3 1 0
yadro.com/course/proto/update/update_grpc.pb.go:152.2,152.45 1 0
yadro.com/course/proto/update/update_grpc.pb.go:155.156,157.32 2 0
yadro.com/course/proto/update/update_grpc.pb.go:157.32,159.3 1 0
yadro.com/course/proto/update/update_grpc.pb.go:160.2,160.24 1 0
yadro.com/course/proto/update/update_grpc.pb.go:160.24,162.3 1 0
yadro.com/course/proto/update/update_grpc.pb.go:163.2,167.77 2 0
yadro.com/course/proto/update/update_grpc.pb.go:167.77,169.3 1 0
yadro.com/course/proto/update/update_grpc.pb.go:170.2,170.44 1 0
yadro.com/course/proto/update/update_grpc.pb.go:173.158,175.32 2 0
yadro.com/course/proto/update/update_grpc.pb.go:175.32,177.3 1 0
yadro.com/course/proto/update/update_grpc.pb.go:178.2,178.24 1 0
yadro.com/course/proto/update/update_grpc.pb.go:178.24,180.3 1 0
yadro.com/course/proto/update/update_grpc.pb.go:181.2,185.77 2 0
yadro.com/course/proto/update/update_grpc.pb.go:185.77,187.3 1 0
yadro.com/course/proto/update/update_grpc.pb.go:188.2,188.44 1 0
yadro.com/course/proto/update/update_grpc.pb.go:191.158,193.32 2 0
yadro.com/course/proto/update/update_grpc.pb.go:193.32,195.3 1 0
yadro.com/course/proto/update/update_grpc.pb.go:196.2,196.24 1 0
yadro.com/course/proto/update/update_grpc.pb.go:196.24,198.3 1 0
yadro.com/course/proto/update/update_grpc.pb.go:199.2,203.77 2 0
yadro.com/course/proto/update/update_grpc.pb.go:203.77,205.3 1 0
yadro.com/course/proto/update/update_grpc.pb.go:206.2,206.44 1 0
yadro.com/course/proto/update/update_grpc.pb.go:209.157,211.32 2 0
yadro.com/course/proto/update/update_grpc.pb.go:211.32,213.3 1 0
yadro.com/course/proto/update/update_grpc.pb.go:214.2,214.24 1 0
yadro.com/course/proto/update/update_grpc.pb.go:214.24,216.3 1 0
yadro.com/course/proto/update/update_grpc.pb.go:217.2,221.77 2 0
yadro.com/course/proto/update/update_grpc.pb.go:221.77,223.3 1 0
yadro.com/course/proto/update/update_grpc.pb.go:224.2,224.44 1 0
yadro.com/course/proto/update/update_grpc.pb.go:227.156,229.32 2 0
yadro.com/course/proto/update/update_grpc.pb.go:229.32,231.3 1 0
yadro.com/course/proto/update/update_grpc.pb.go:232.2,232.24 1 0
yadro.com/course/proto/update/update_grpc.pb.go:232.24,234.3 1 0
yadro.com/course/proto/update/update_grpc.pb.go:235.2,239.77 2 0
yadro.com/course/proto/update/update_grpc.pb.go:239.77,241.3 1 0
yadro.com/course/proto/update/update_grpc.pb.go:242.2,242.44 1 0
yadro.com/course/proto/words/words.pb.go:32.32,37.2 4 0
yadro.com/course/proto/words/words.pb.go:39.40,41.2 1 0
yadro.com/course/proto/words/words.pb.go:43.38,43.39 0 0
yadro.com/course/proto/words/words.pb.go:45.60,47.14 2 0
yadro.com/course/proto/words/words.pb.go:47.14,49.34 2 0
yadro.com/course/proto/words/words.pb.go:49.34,51.4 1 0
yadro.com/course/proto/words/words.pb.go:52.3,52.12 1 0
yadro.com/course/proto/words/words.pb.go:54.2,54.24 1 0
yadro.com/course/proto/words/words.pb.go:58.51,60.2 1 0
yadro.com/course/proto/words/words.pb.go:62.43,63.14 1 0
yadro.com/course/proto/words/words.pb.go:63.14,65.3 1 0
yadro.com/course/proto/words/words.pb.go:66.2,66.11 1 0
yadro.com/course/proto/words/words.pb.go:76.30,81.2 4 0
yadro.com/course/proto/words/words.pb.go:83.38,85.2 1 0
yadro.com/course/proto/words/words.pb.go:87.36,87.37 0 0
yadro.com/course/proto/words/words.pb.go:89.58,91.14 2 0
yadro.com/course/proto/words/words.pb.go:91.14,93.34 2 0
yadro.com/course/proto/words/words.pb.go:93.34,95.4 1 0
yadro.com/course/proto/words/words.pb.go:96.3,96.12 1 0
yadro.com/course/proto/words/words.pb.go:98.2,98.24 1 0
yadro.com/course/proto/words/words.pb.go:102.49,104.2 1 0
yadro.com/course/proto/words/words.pb.go:106.42,107.14 1 0
yadro.com/course/proto/words/words.pb.go:107.14,109.3 1 0
yadro.com/course/proto/words/words.pb.go:110.2,110.12 1 0
yadro.com/course/proto/words/words.pb.go:133.44,134.41 1 0
yadro.com/course/proto/words/words.pb.go:134.41,136.3 1 0
yadro.com/course/proto/words/words.pb.go:137.2,137.37 1 0
yadro.com/course/proto/words/words.pb.go:160.13,160.40 1 0
yadro.com/course/proto/words/words.pb.go:161.30,162.29 1 0
yadro.com/course/proto/words/words.pb.go:162.29,164.3 1 0
yadro.com/course/proto/words/words.pb.go:165.2,181.32 5 0
yadro.com/course/proto/words/words_grpc.pb.go:41.62,43.2 1 0
yadro.com/course/proto/words/words_grpc.pb.go:45.117,49.16 4 0
yadro.com/course/proto/words/words_grpc.pb.go:49.16,51.3 1 0
yadro.com/course/proto/words/words_grpc.pb.go:52.2,52.17 1 0
yadro.com/course/proto/words/words_grpc.pb.go:55.113,59.16 4 0
yadro.com/course/proto/words/words_grpc.pb.go:59.16,61.3 1 0
yadro.com/course/proto/words/words_grpc.pb.go:62.2,62.17 1 0
yadro.com/course/proto/words/words_grpc.pb.go:65.128,69.16 4 0
yadro.com/course/proto/words/words_grpc.pb.go:69.16,71.3 1 0
yadro.com/course/proto/words/words_grpc.pb.go:72.2,72.17 1 0
yadro.com/course/proto/words/words_grpc.pb.go:92.95,94.2 1 0
yadro.com/course/proto/words/words_grpc.pb.go:95.91,97.2 1 0
yadro.com/course/proto/words/words_grpc.pb.go:98.106,100.2 1 0
yadro.com/course/proto/words/words_grpc.pb.go:101.70,101.71 0 0
yadro.com/course/proto/words/words_grpc.pb.go:102.70,102.71 0 0
yadro.com/course/proto/words/words_grpc.pb.go:111.68,116.59 1 0
yadro.com/course/proto/words/words_grpc.pb.go:116.59,118.3 1 0
yadro.com/course/proto/words/words_grpc.pb.go:119.2,119.44 1 0
yadro.com/course/proto/words/words_grpc.pb.go:122.155,124.32 2 0
yadro.com/course/proto/words/words_grpc.pb.go:124.32,126.3 1 0
yadro.com/course/proto/words/words_grpc.pb.go:127.2,127.24 1 0
yadro.com/course/proto/words/words_grpc.pb.go:127.24,129.3 1 0
yadro.com/course/proto/words/words_grpc.pb.go:130.2,134.77 2 0
yadro.com/course/proto/words/words_grpc.pb.go:134.77,136.3 1 0
yadro.com/course/proto/words/words_grpc.pb.go:137.2,137.44 1 0
yadro.com/course/proto/words/words_grpc.pb.go:140.155,142.32 2 0
yadro.com/course/proto/words/words_grpc.pb.go:142.32,144.3 1 0
yadro.com/course/proto/words/words_grpc.pb.go:145.2,145.24 1 0
yadro.com/course/proto/words/words_grpc.pb.go:145.24,147.3 1 0
yadro.com/course/proto/words/words_grpc.pb.go:148.2,152.77 2 0
yadro.com/course/proto/words/words_grpc.pb.go:152.77,154.3 1 0
yadro.com/course/proto/words/words_grpc.pb.go:155.2,155.44 1 0
yadro.com/course/proto/words/words_grpc.pb.go:158.170,160.32 2 0
yadro.com/course/proto/words/words_grpc.pb.go:160.32,162.3 1 0
yadro.com/course/proto/words/words_grpc.pb.go:163.2,163.24 1 0
yadro.com/course/proto/words/words_grpc.pb.go:163.24,165.3 1 0
yadro.com/course/proto/words/words_grpc.pb.go:166.2,170.77 2 0
yadro.com/course/proto/words/words_grpc.pb.go:170.77,172.3 1 0
yadro.com/course/proto/words/words_grpc.pb.go:173.2,173.44 1 0
yadro.com/course/proto/isearch/isearch.pb.go:33.34,38.2 4 0
yadro.com/course/proto/isearch/isearch.pb.go:40.42,42.2 1 0
yadro.com/course/proto/isearch/isearch.pb.go:44.40,44.41 0 0
yadro.com/course/proto/isearch/isearch.pb.go:46.62,48.14 2 0
yadro.com/course/proto/isearch/isearch.pb.go:48.14,50.34 2 0
yadro.com/course/proto/isearch/isearch.pb.go:50.34,52.4 1 0
yadro.com/course/proto/isearch/isearch.pb.go:53.3,53.12 1 0
yadro.com/course/proto/isearch/isearch.pb.go:55.2,55.24 1 0
yadro.com/course/proto/isearch/isearch.pb.go:59.53,61.2 1 0
yadro.com/course/proto/isearch/isearch.pb.go:63.45,64.14 1 0
yadro.com/course/proto/isearch/isearch.pb.go:64.14,66.3 1 0
yadro.com/course/proto/isearch/isearch.pb.go:67.2,67.11 1 0
yadro.com/course/proto/isearch/isearch.pb.go:70.43,71.14 1 0
yadro.com/course/proto/isearch/isearch.pb.go:71.14,73.3 1 0
yadro.com/course/proto/isearch/isearch.pb.go:74.2,74.10 1 0
yadro.com/course/proto/isearch/isearch.pb.go:85.26,90.2 4 0
yadro.com/course/proto/isearch/isearch.pb.go:92.34,94.2 1 0
yadro.com/course/proto/isearch/isearch.pb.go:96.32,96.33 0 0
yadro.com/course/proto/isearch/isearch.pb.go:98.54,100.14 2 0
yadro.com/course/proto/isearch/isearch.pb.go:100.14,102.34 2 0
yadro.com/course/proto/isearch/isearch.pb.go:102.34,104.4 1 0
yadro.com/course/proto/isearch/isearch.pb.go:105.3,105.12 1 0
yadro.com/course/proto/isearch/isearch.pb.go:107.2,107.24 1 0
yadro.com/course/proto/isearch/isearch.pb.go:111.45,113.2 1 0
yadro.com/course/proto/isearch/isearch.pb.go:115.32,116.14 1 0
yadro.com/course/proto/isearch/isearch.pb.go:116.14,118.3 1 0
yadro.com/course/proto/isearch/isearch.pb.go:119.2,119.10 1 0
yadro.com/course/proto/isearch/isearch.pb.go:122.34,123.14 1 0
yadro.com/course/proto/isearch/isearch.pb.go:123.14,125.3 1 0
yadro.com/course/proto/isearch/isearch.pb.go:126.2,126.11 1 0
yadro.com/course/proto/isearch/isearch.pb.go:136.35,141.2 4 0
yadro.com/course/proto/isearch/isearch.pb.go:143.43,145.2 1 0
yadro.com/course/proto/isearch/isearch.pb.go:147.41,147.42 0 0
yadro.com/course/proto/isearch/isearch.pb.go:149.63,151.14 2 0
yadro.com/course/proto/isearch/isearch.pb.go:151.14,153.34 2 0
yadro.com/course/proto/isearch/isearch.pb.go:153.34,155.4 1 0
yadro.com/course/proto/isearch/isearch.pb.go:156.3,156.12 1 0
yadro.com/course/proto/isearch/isearch.pb.go:158.2,158.24 1 0
yadro.com/course/proto/isearch/isearch.pb.go:162.54,164.2 1 0
yadro.com/course/proto/isearch/isearch.pb.go:166.49,167.14 1 0
yadro.com/course/proto/isearch/isearch.pb.go:167.14,169.3 1 0
yadro.com/course/proto/isearch/isearch.pb.go:170.2,170.12 1 0
yadro.com/course/proto/isearch/isearch.pb.go:195.46,196.43 1 0
yadro.com/course/proto/isearch/isearch.pb.go:196.43,198.3 1 0
yadro.com/course/proto/isearch/isearch.pb.go:199.2,199.39 1 0
yadro.com/course/proto/isearch/isearch.pb.go:222.13,222.42 1 0
yadro.com/course/proto/isearch/isearch.pb.go:223.32,224.31 1 0
yadro.com/course/proto/isearch/isearch.pb.go:224.31,226.3 1 0
yadro.com/course/proto/isearch/isearch.pb.go:227.2,243.34 5 0
yadro.com/course/proto/isearch/isearch_grpc.pb.go:39.66,41.2 1 0
yadro.com/course/proto/isearch/isearch_grpc.pb.go:43.119,47.16 4 0
yadro.com/course/proto/isearch/isearch_grpc.pb.go:47.16,49.3 1 0
yadro.com/course/proto/isearch/isearch_grpc.pb.go:50.2,50.17 1 0
yadro.com/course/proto/isearch/isearch_grpc.pb.go:53.125,57.16 4 0
yadro.com/course/proto/isearch/isearch_grpc.pb.go:57.16,59.3 1 0
yadro.com/course/proto/isearch/isearch_grpc.pb.go:60.2,60.17 1 0
yadro.com/course/proto/isearch/isearch_grpc.pb.go:79.97,81.2 1 0
yadro.com/course/proto/isearch/isearch_grpc.pb.go:82.103,84.2 1 0
yadro.com/course/proto/isearch/isearch_grpc.pb.go:85.74,85.75 0 0
yadro.com/course/proto/isearch/isearch_grpc.pb.go:86.74,86.75 0 0
yadro.com/course/proto/isearch/isearch_grpc.pb.go:95.72,100.59 1 0
yadro.com/course/proto/isearch/isearch_grpc.pb.go:100.59,102.3 1 0
yadro.com/course/proto/isearch/isearch_grpc.pb.go:103.2,103.46 1 0
yadro.com/course/proto/isearch/isearch_grpc.pb.go:106.157,108.32 2 0
yadro.com/course/proto/isearch/isearch_grpc.pb.go:108.32,110.3 1 0
yadro.com/course/proto/isearch/isearch_grpc.pb.go:111.2,111.24 1 0
yadro.com/course/proto/isearch/isearch_grpc.pb.go:111.24,113.3 1 0
yadro.com/course/proto/isearch/isearch_grpc.pb.go:114.2,118.77 2 0
yadro.com/course/proto/isearch/isearch_grpc.pb.go:118.77,120.3 1 0
yadro.com/course/proto/isearch/isearch_grpc.pb.go:121.2,121.44 1 0
yadro.com/course/proto/isearch/isearch_grpc.pb.go:124.160,126.32 2 0
yadro.com/course/proto/isearch/isearch_grpc.pb.go:126.32,128.3 1 0
yadro.com/course/proto/isearch/isearch_grpc.pb.go:129.2,129.24 1 0
yadro.com/course/proto/isearch/isearch_grpc.pb.go:129.24,131.3 1 0
yadro.com/course/proto/isearch/isearch_grpc.pb.go:132.2,136.77 2 0
yadro.com/course/proto/isearch/isearch_grpc.pb.go:136.77,138.3 1 0
yadro.com/course/proto/isearch/isearch_grpc.pb.go:139.2,139.44 1 0
yadro.com/course/proto/search/search.pb.go:33.33,38.2 4 0
yadro.com/course/proto/search/search.pb.go:40.41,42.2 1 0
yadro.com/course/proto/search/search.pb.go:44.39,44.40 0 0
yadro.com/course/proto/search/search.pb.go:46.61,48.14 2 0
yadro.com/course/proto/search/search.pb.go:48.14,50.34 2 0
yadro.com/course/proto/search/search.pb.go:50.34,52.4 1 0
yadro.com/course/proto/search/search.pb.go:53.3,53.12 1 0
yadro.com/course/proto/search/search.pb.go:55.2,55.24 1 0
yadro.com/course/proto/search/search.pb.go:59.52,61.2 1 0
yadro.com/course/proto/search/search.pb.go:63.44,64.14 1 0
yadro.com/course/proto/search/search.pb.go:64.14,66.3 1 0
yadro.com/course/proto/search/search.pb.go:67.2,67.11 1 0
yadro.com/course/proto/search/search.pb.go:70.42,71.14 1 0
yadro.com/course/proto/search/search.pb.go:71.14,73.3 1 0
yadro.com/course/proto/search/search.pb.go:74.2,74.10 1 0
yadro.com/course/proto/search/search.pb.go:85.26,90.2 4 0
yadro.com/course/proto/search/search.pb.go:92.34,94.2 1 0
yadro.com/course/proto/search/search.pb.go:96.32,96.33 0 0
yadro.com/course/proto/search/search.pb.go:98.54,100.14 2 0
yadro.com/course/proto/search/search.pb.go:100.14,102.34 2 0
yadro.com/course/proto/search/search.pb.go:102.34,104.4 1 0
yadro.com/course/proto/search/search.pb.go:105.3,105.12 1 0
yadro.com/course/proto/search/search.pb.go:107.2,107.24 1 0
yadro.com/course/proto/search/search.pb.go:111.45,113.2 1 0
yadro.com/course/proto/search/search.pb.go:115.32,116.14 1 0
yadro.com/course/proto/search/search.pb.go:116.14,118.3 1 0
yadro.com/course/proto/search/search.pb.go:119.2,119.10 1 0
yadro.com/course/proto/search/search.pb.go:122.34,123.14 1 0
yadro.com/course/proto/search/search.pb.go:123.14,125.3 1 0
yadro.com/course/proto/search/search.pb.go:126.2,126.11 1 0
yadro.com/course/proto/search/search.pb.go:136.34,141.2 4 0
yadro.com/course/proto/search/search.pb.go:143.42,145.2 1 0
yadro.com/course/proto/search/search.pb.go:147.40,147.41 0 0
yadro.com/course/proto/search/search.pb.go:149.62,151.14 2 0
yadro.com/course/proto/search/search.pb.go:151.14,153.34 2 0
yadro.com/course/proto/search/search.pb.go:153.34,155.4 1 0
yadro.com/course/proto/search/search.pb.go:156.3,156.12 1 0
yadro.com/course/proto/search/search.pb.go:158.2,158.24 1 0
yadro.com/course/proto/search/search.pb.go:162.53,164.2 1 0
yadro.com/course/proto/search/search.pb.go:166.48,167.14 1 0
yadro.com/course/proto/search/search.pb.go:167.14,169.3 1 0
yadro.com/course/proto/search/search.pb.go:170.2,170.12 1 0
yadro.com/course/proto/search/search.pb.go:195.45,196.42 1 0
yadro.com/course/proto/search/search.pb.go:196.42,198.3 1 0
yadro.com/course/proto/search/search.pb.go:199.2,199.38 1 0
yadro.com/course/proto/search/search.pb.go:222.13,222.41 1 0
yadro.com/course/proto/search/search.pb.go:223.31,224.30 1 0
yadro.com/course/proto/search/search.pb.go:224.30,226.3 1 0
yadro.com/course/proto/search/search.pb.go:227.2,243.33 5 0
yadro.com/course/proto/search/search_grpc.pb.go:39.64,41.2 1 0
yadro.com/course/proto/search/search_grpc.pb.go:43.118,47.16 4 0
yadro.com/course/proto/search/search_grpc.pb.go:47.16,49.3 1 0
yadro.com/course/proto/search/search_grpc.pb.go:50.2,50.17 1 0
yadro.com/course/proto/search/search_grpc.pb.go:53.121,57.16 4 0
yadro.com/course/proto/search/search_grpc.pb.go:57.16,59.3 1 0
yadro.com/course/proto/search/search_grpc.pb.go:60.2,60.17 1 0
yadro.com/course/proto/search/search_grpc.pb.go:79.96,81.2 1 0
yadro.com/course/proto/search/search_grpc.pb.go:82.99,84.2 1 0
yadro.com/course/proto/search/search_grpc.pb.go:85.72,85.73 0 0
yadro.com/course/proto/search/search_grpc.pb.go:86.72,86.73 0 0
yadro.com/course/proto/search/search_grpc.pb.go:95.70,100.59 1 0
yadro.com/course/proto/search/search_grpc.pb.go:100.59,102.3 1 0
yadro.com/course/proto/search/search_grpc.pb.go:103.2,103.45 1 0
yadro.com/course/proto/search/search_grpc.pb.go:106.156,108.32 2 0
yadro.com/course/proto/search/search_grpc.pb.go:108.32,110.3 1 0
yadro.com/course/proto/search/search_grpc.pb.go:111.2,111.24 1 0
yadro.com/course/proto/search/search_grpc.pb.go:111.24,113.3 1 0
yadro.com/course/proto/search/search_grpc.pb.go:114.2,118.77 2 0
yadro.com/course/proto/search/search_grpc.pb.go:118.77,120.3 1 0
yadro.com/course/proto/search/search_grpc.pb.go:121.2,121.44 1 0
yadro.com/course/proto/search/search_grpc.pb.go:124.158,126.32 2 0
yadro.com/course/proto/search/search_grpc.pb.go:126.32,128.3 1 0
yadro.com/course/proto/search/search_grpc.pb.go:129.2,129.24 1 0
yadro.com/course/proto/search/search_grpc.pb.go:129.24,131.3 1 0
yadro.com/course/proto/search/search_grpc.pb.go:132.2,136.77 2 0
yadro.com/course/proto/search/search_grpc.pb.go:136.77,138.3 1 0
yadro.com/course/proto/search/search_grpc.pb.go:139.2,139.44 1 0
yadro.com/course/isearch/core/service.go:30.73,36.2 1 1
yadro.com/course/isearch/core/service.go:38.51,42.2 3 1
yadro.com/course/isearch/core/service.go:44.35,46.2 1 1
yadro.com/course/isearch/core/service.go:48.74,55.31 3 1
yadro.com/course/isearch/core/service.go:55.31,57.3 1 1
yadro.com/course/isearch/core/service.go:59.2,59.22 1 1
yadro.com/course/isearch/core/service.go:59.22,61.3 1 1
yadro.com/course/isearch/core/service.go:62.2,63.16 2 1
yadro.com/course/isearch/core/service.go:63.16,65.3 1 0
yadro.com/course/isearch/core/service.go:66.2,66.34 1 1
yadro.com/course/isearch/core/service.go:66.34,69.42 3 1
yadro.com/course/isearch/core/service.go:69.42,72.18 2 1
yadro.com/course/isearch/core/service.go:72.18,74.5 1 0
yadro.com/course/isearch/core/service.go:76.4,76.46 1 1
yadro.com/course/isearch/core/service.go:76.46,78.19 2 1
yadro.com/course/isearch/core/service.go:78.19,80.6 1 0
yadro.com/course/isearch/core/service.go:81.5,81.35 1 1
yadro.com/course/isearch/core/service.go:84.4,87.6 1 1
yadro.com/course/isearch/core/service.go:90.2,94.25 4 1
yadro.com/course/isearch/core/service.go:97.59,98.47 1 1
yadro.com/course/isearch/core/service.go:98.47,101.3 2 1
yadro.com/course/isearch/core/service.go:102.2,105.16 4 1
yadro.com/course/isearch/core/service.go:105.16,108.3 2 1
yadro.com/course/isearch/core/service.go:109.2,110.16 2 1
yadro.com/course/isearch/core/service.go:110.16,112.3 1 0
yadro.com/course/isearch/core/service.go:114.2,116.12 3 1
yadro.com/course/isearch/core/service.go:119.71,129.2 6 1
yadro.com/course/isearch/core/service.go:131.89,133.42 2 1
yadro.com/course/isearch/core/service.go:133.42,135.10 2 1
yadro.com/course/isearch/core/service.go:135.10,136.12 1 0
yadro.com/course/isearch/core/service.go:138.3,139.36 2 1
yadro.com/course/isearch/core/service.go:139.36,148.4 2 1
yadro.com/course/isearch/core/service.go:150.2,150.18 1 1
yadro.com/course/isearch/core/service.go:153.86,156.16 3 1
yadro.com/course/isearch/core/service.go:156.16,158.3 1 1
yadro.com/course/isearch/core/service.go:159.2,160.25 2 1
yadro.com/course/isearch/core/service.go:160.25,162.3 1 1
yadro.com/course/isearch/core/service.go:163.2,166.41 3 1
yadro.com/course/isearch/core/service.go:166.41,171.3 1 1
yadro.com/course/isearch/core/service.go:173.2,173.49 1 1
yadro.com/course/isearch/core/service.go:173.49,175.3 1 1
yadro.com/course/isearch/core/service.go:177.2,177.37 1 1
yadro.com/course/isearch/core/service.go:177.37,179.3 1 1
yadro.com/course/isearch/core/service.go:180.2,183.40 3 1
yadro.com/course/isearch/core/service.go:183.40,184.24 1 1
yadro.com/course/isearch/core/service.go:184.24,185.12 1 0
yadro.com/course/isearch/core/service.go:188.3,189.17 2 1
yadro.com/course/isearch/core/service.go:189.17,191.4 1 1
yadro.com/course/isearch/core/service.go:192.3,195.5 1 1
yadro.com/course/isearch/core/service.go:197.2,197.20 1 1
yadro.com/course/search/main.go:23.13,31.38 6 0
yadro.com/course/search/main.go:31.38,34.3 2 0
yadro.com/course/search/main.go:37.53,42.16 4 0
yadro.com/course/search/main.go:42.16,44.3 1 0
yadro.com/course/search/main.go:46.2,47.16 2 0
yadro.com/course/search/main.go:47.16,49.3 1 0
yadro.com/course/search/main.go:51.2,55.16 3 0
yadro.com/course/search/main.go:55.16,57.3 1 0
yadro.com/course/search/main.go:60.2,61.16 2 0
yadro.com/course/search/main.go:61.16,63.3 1 0
yadro.com/course/search/main.go:65.2,73.12 6 0
yadro.com/course/search/main.go:73.12,77.3 3 0
yadro.com/course/search/main.go:79.2,79.42 1 0
yadro.com/course/search/main.go:79.42,81.3 1 0
yadro.com/course/search/main.go:82.2,82.12 1 0
yadro.com/course/search/main.go:85.51,87.18 2 0
yadro.com/course/search/main.go:88.15,89.26 1 0
yadro.com/course/search/main.go:90.14,91.25 1 0
yadro.com/course/search/main.go:92.15,93.26 1 0
yadro.com/course/search/main.go:94.10,95.42 1 0
yadro.com/course/search/main.go:97.2,98.26 2 0
yadro.com/course/search/adapters/db/storage.go:23.57,26.16 2 0
yadro.com/course/search/adapters/db/storage.go:26.16,29.3 2 0
yadro.com/course/search/adapters/db/storage.go:31.2,34.8 1 0
yadro.com/course/search/adapters/db/storage.go:37.81,40.16 3 0
yadro.com/course/search/adapters/db/storage.go:40.16,42.3 1 0
yadro.com/course/search/adapters/db/storage.go:43.2,45.33 2 0
yadro.com/course/search/adapters/db/storage.go:45.33,50.3 1 0
yadro.com/course/search/adapters/db/storage.go:51.2,51.20 1 0
yadro.com/course/search/adapters/db/storage.go:54.78,58.16 4 0
yadro.com/course/search/adapters/db/storage.go:58.16,60.3 1 0
yadro.com/course/search/adapters/db/storage.go:61.2,61.22 1 0
yadro.com/course/search/adapters/grpc/mapper.go:8.58,11.24 2 1
yadro.com/course/search/adapters/grpc/mapper.go:11.24,16.3 1 1
yadro.com/course/search/adapters/grpc/mapper.go:18.2,18.12 1 1
yadro.com/course/search/adapters/grpc/server.go:14.47,16.2 1 1
yadro.com/course/search/adapters/grpc/server.go:23.84,23.103 1 1
yadro.com/course/search/adapters/grpc/server.go:25.108,30.16 2 1
yadro.com/course/search/adapters/grpc/server.go:30.16,33.3 2 1
yadro.com/course/search/adapters/grpc/server.go:34.2,36.8 1 1
yadro.com/course/search/closers/closers.go:8.46,9.34 1 0
yadro.com/course/search/closers/closers.go:9.34,11.3 1 0
yadro.com/course/search/config/config.go:16.41,18.62 2 0
yadro.com/course/search/config/config.go:18.62,20.3 1 0
yadro.com/course/search/config/config.go:21.2,21.12 1 0
yadro.com/course/search/adapters/words/error.go:9.36,11.9 2 0
yadro.com/course/search/adapters/words/error.go:11.9,13.3 1 0
yadro.com/course/search/adapters/words/error.go:14.2,14.19 1 0
yadro.com/course/search/adapters/words/error.go:15.31,16.28 1 0
yadro.com/course/search/adapters/words/error.go:17.22,18.26 1 0
yadro.com/course/search/adapters/words/error.go:19.10,20.26 1 0
yadro.com/course/search/adapters/words/words.go:44.67,51.16 2 0
yadro.com/course/search/adapters/words/words.go:51.16,53.3 1 0
yadro.com/course/search/adapters/words/words.go:54.2,58.8 1 0
yadro.com/course/search/adapters/words/words.go:61.76,63.16 2 0
yadro.com/course/search/adapters/words/words.go:63.16,65.3 1 0
yadro.com/course/search/adapters/words/words.go:66.2,66.26 1 0
yadro.com/course/search/adapters/words/words.go:69.49,72.2 2 0
yadro.com/course/search/adapters/words/words.go:74.31,76.2 1 0
yadro.com/course/search/core/service.go:17.73,23.2 1 1
yadro.com/course/search/core/service.go:25.84,27.16 2 1
yadro.com/course/search/core/service.go:27.16,29.3 1 1
yadro.com/course/search/core/service.go:31.2,32.16 2 1
yadro.com/course/search/core/service.go:32.16,34.3 1 1
yadro.com/course/search/core/service.go:35.2,38.31 3 1
yadro.com/course/search/core/service.go:38.31,41.3 2 1
yadro.com/course/search/core/service.go:43.2,43.22 1 1
yadro.com/course/search/core/service.go:43.22,45.3 1 1
yadro.com/course/search/core/service.go:47.2,47.39 1 1
yadro.com/course/search/core/service.go:47.39,49.3 1 1
yadro.com/course/search/core/service.go:51.2,52.16 2 1
yadro.com/course/search/core/service.go:52.16,54.3 1 0
yadro.com/course/search/core/service.go:55.2,56.16 2 1
yadro.com/course/search/core/service.go:56.16,58.3 1 0
yadro.com/course/search/core/service.go:59.2,60.16 2 1
yadro.com/course/search/core/service.go:60.16,62.3 1 1
yadro.com/course/search/core/service.go:63.2,65.35 2 1
yadro.com/course/search/core/service.go:65.35,66.25 1 1
yadro.com/course/search/core/service.go:66.25,67.12 1 1
yadro.com/course/search/core/service.go:69.3,70.17 2 1
yadro.com/course/search/core/service.go:70.17,72.4 1 0
yadro.com/course/search/core/service.go:73.3,76.5 1 1
yadro.com/course/search/core/service.go:78.2,78.20 1 1
yadro.com/course/update/adapters/db/migrations.go:14.31,17.16 3 0
yadro.com/course/update/adapters/db/migrations.go:17.16,19.3 1 0
yadro.com/course/update/adapters/db/migrations.go:20.2,21.16 2 0
yadro.com/course/update/adapters/db/migrations.go:21.16,23.3 1 0
yadro.com/course/update/adapters/db/migrations.go:24.2,25.16 2 0
yadro.com/course/update/adapters/db/migrations.go:25.16,27.3 1 0
yadro.com/course/update/adapters/db/migrations.go:29.2,31.16 2 0
yadro.com/course/update/adapters/db/migrations.go:31.16,32.33 1 0
yadro.com/course/update/adapters/db/migrations.go:32.33,35.4 2 0
yadro.com/course/update/adapters/db/migrations.go:36.3,36.52 1 0
yadro.com/course/update/adapters/db/migrations.go:39.2,40.12 2 0
yadro.com/course/update/adapters/db/storage.go:17.57,20.16 2 0
yadro.com/course/update/adapters/db/storage.go:20.16,23.3 2 0
yadro.com/course/update/adapters/db/storage.go:25.2,28.8 1 0
yadro.com/course/update/adapters/db/storage.go:31.66,35.2 3 0
yadro.com/course/update/adapters/db/storage.go:37.64,40.16 3 0
yadro.com/course/update/adapters/db/storage.go:40.16,42.3 1 0
yadro.com/course/update/adapters/db/storage.go:43.2,44.16 2 0
yadro.com/course/update/adapters/db/storage.go:44.16,46.3 1 0
yadro.com/course/update/adapters/db/storage.go:47.2,48.16 2 0
yadro.com/course/update/adapters/db/storage.go:48.16,50.3 1 0
yadro.com/course/update/adapters/db/storage.go:51.2,55.8 1 0
yadro.com/course/update/adapters/db/storage.go:58.55,61.16 3 0
yadro.com/course/update/adapters/db/storage.go:61.16,63.3 1 0
yadro.com/course/update/adapters/db/storage.go:64.2,64.23 1 0
yadro.com/course/update/adapters/db/storage.go:67.47,69.16 2 0
yadro.com/course/update/adapters/db/storage.go:69.16,71.3 1 0
yadro.com/course/update/adapters/db/storage.go:72.2,72.12 1 0
yadro.com/course/update/main.go:25.13,34.38 6 0
yadro.com/course/update/main.go:34.38,37.3 2 0
yadro.com/course/update/main.go:40.53,46.16 4 0
yadro.com/course/update/main.go:46.16,48.3 1 0
yadro.com/course/update/main.go:49.2,49.42 1 0
yadro.com/course/update/main.go:49.42,51.3 1 0
yadro.com/course/update/main.go:54.2,55.16 2 0
yadro.com/course/update/main.go:55.16,57.3 1 0
yadro.com/course/update/main.go:60.2,61.16 2 0
yadro.com/course/update/main.go:61.16,63.3 1 0
yadro.com/course/update/main.go:65.2,66.16 2 0
yadro.com/course/update/main.go:66.16,69.3 2 0
yadro.com/course/update/main.go:72.2,73.16 2 0
yadro.com/course/update/main.go:73.16,75.3 1 0
yadro.com/course/update/main.go:78.2,79.16 2 0
yadro.com/course/update/main.go:79.16,81.3 1 0
yadro.com/course/update/main.go:83.2,94.12 8 0
yadro.com/course/update/main.go:94.12,98.3 3 0
yadro.com/course/update/main.go:100.2,100.42 1 0
yadro.com/course/update/main.go:100.42,102.3 1 0
yadro.com/course/update/main.go:103.2,103.12 1 0
yadro.com/course/update/main.go:106.51,108.18 2 0
yadro.com/course/update/main.go:109.15,110.26 1 0
yadro.com/course/update/main.go:111.14,112.25 1 0
yadro.com/course/update/main.go:113.15,114.26 1 0
yadro.com/course/update/main.go:115.10,116.42 1 0
yadro.com/course/update/main.go:118.2,119.26 2 0
yadro.com/course/update/adapters/grpc/error.go:8.56,9.11 1 1
yadro.com/course/update/adapters/grpc/error.go:10.26,11.38 1 1
yadro.com/course/update/adapters/grpc/error.go:13.23,14.35 1 0
yadro.com/course/update/adapters/grpc/error.go:16.10,17.42 1 0
yadro.com/course/update/adapters/grpc/server.go:14.46,16.2 1 1
yadro.com/course/update/adapters/grpc/server.go:23.84,23.103 1 1
yadro.com/course/update/adapters/grpc/server.go:25.95,30.2 2 1
yadro.com/course/update/adapters/grpc/server.go:32.95,33.49 1 1
yadro.com/course/update/adapters/grpc/server.go:33.49,35.3 1 1
yadro.com/course/update/adapters/grpc/server.go:36.2,37.16 2 1
yadro.com/course/update/adapters/grpc/server.go:37.16,39.3 1 1
yadro.com/course/update/adapters/grpc/server.go:40.2,42.8 1 1
yadro.com/course/update/adapters/grpc/server.go:45.93,47.16 2 1
yadro.com/course/update/adapters/grpc/server.go:47.16,50.3 2 1
yadro.com/course/update/adapters/grpc/server.go:51.2,56.8 1 1
yadro.com/course/update/adapters/grpc/server.go:59.86,62.2 2 1
yadro.com/course/update/adapters/xkcd/xkcd.go:37.86,38.15 1 0
yadro.com/course/update/adapters/xkcd/xkcd.go:38.15,40.3 1 0
yadro.com/course/update/adapters/xkcd/xkcd.go:41.2,45.8 1 0
yadro.com/course/update/adapters/xkcd/xkcd.go:48.73,50.16 2 0
yadro.com/course/update/adapters/xkcd/xkcd.go:50.16,52.3 1 0
yadro.com/course/update/adapters/xkcd/xkcd.go:53.2,53.15 1 0
yadro.com/course/update/adapters/xkcd/xkcd.go:53.15,54.43 1 0
yadro.com/course/update/adapters/xkcd/xkcd.go:54.43,56.4 1 0
yadro.com/course/update/adapters/xkcd/xkcd.go:58.2,58.44 1 0
yadro.com/course/update/adapters/xkcd/xkcd.go:58.44,67.3 1 0
yadro.com/course/update/adapters/xkcd/xkcd.go:69.2,70.16 2 0
yadro.com/course/update/adapters/xkcd/xkcd.go:70.16,72.3 1 0
yadro.com/course/update/adapters/xkcd/xkcd.go:73.2,74.59 2 0
yadro.com/course/update/adapters/xkcd/xkcd.go:74.59,76.3 1 0
yadro.com/course/update/adapters/xkcd/xkcd.go:77.2,84.8 1 0
yadro.com/course/update/adapters/xkcd/xkcd.go:87.58,89.16 2 0
yadro.com/course/update/adapters/xkcd/xkcd.go:89.16,91.3 1 0
yadro.com/course/update/adapters/xkcd/xkcd.go:92.2,92.15 1 0
yadro.com/course/update/adapters/xkcd/xkcd.go:92.15,93.43 1 0
yadro.com/course/update/adapters/xkcd/xkcd.go:93.43,95.4 1 0
yadro.com/course/update/adapters/xkcd/xkcd.go:97.2,98.72 2 0
yadro.com/course/update/adapters/xkcd/xkcd.go:98.72,100.3 1 0
yadro.com/course/update/adapters/xkcd/xkcd.go:101.2,101.32 1 0
yadro.com/course/update/closers/closers.go:8.46,9.34 1 0
yadro.com/course/update/closers/closers.go:9.34,11.3 1 0
yadro.com/course/update/config/config.go:26.41,28.62 2 0
yadro.com/course/update/config/config.go:28.62,30.3 1 0
yadro.com/course/update/config/config.go:31.2,31.12 1 0
yadro.com/course/update/adapters/words/error.go:9.36,11.9 2 0
yadro.com/course/update/adapters/words/error.go:11.9,13.3 1 0
yadro.com/course/update/adapters/words/error.go:14.2,14.19 1 0
yadro.com/course/update/adapters/words/error.go:15.31,16.28 1 0
yadro.com/course/update/adapters/words/error.go:17.22,18.26 1 0
yadro.com/course/update/adapters/words/error.go:19.10,20.26 1 0
yadro.com/course/update/adapters/words/words.go:44.67,51.16 2 0
yadro.com/course/update/adapters/words/words.go:51.16,53.3 1 0
yadro.com/course/update/adapters/words/words.go:54.2,58.8 1 0
yadro.com/course/update/adapters/words/words.go:61.91,63.16 2 0
yadro.com/course/update/adapters/words/words.go:63.16,65.3 1 0
yadro.com/course/update/adapters/words/words.go:66.2,66.26 1 0
yadro.com/course/update/adapters/words/words.go:69.49,72.2 2 0
yadro.com/course/update/adapters/words/words.go:74.31,76.2 1 0
yadro.com/course/update/adapters/nats/publisher.go:13.51,15.16 2 0
yadro.com/course/update/adapters/nats/publisher.go:15.16,17.3 1 0
yadro.com/course/update/adapters/nats/publisher.go:18.2,20.8 1 0
yadro.com/course/update/adapters/nats/publisher.go:23.62,25.2 1 0
yadro.com/course/update/adapters/nats/publisher.go:27.29,29.2 1 0
yadro.com/course/words/main.go:29.85,31.2 1 0
yadro.com/course/words/main.go:33.97,36.32 3 0
yadro.com/course/words/main.go:36.32,38.3 1 0
yadro.com/course/words/main.go:39.2,40.16 2 0
yadro.com/course/words/main.go:40.16,42.3 1 0
yadro.com/course/words/main.go:44.2,46.8 1 0
yadro.com/course/words/main.go:49.112,53.28 4 0
yadro.com/course/words/main.go:53.28,55.3 1 0
yadro.com/course/words/main.go:57.2,58.32 2 0
yadro.com/course/words/main.go:58.32,60.3 1 0
yadro.com/course/words/main.go:61.2,62.16 2 0
yadro.com/course/words/main.go:62.16,64.3 1 0
yadro.com/course/words/main.go:66.2,68.8 1 0
yadro.com/course/words/main.go:71.13,77.16 6 0
yadro.com/course/words/main.go:77.16,80.3 2 0
yadro.com/course/words/main.go:82.2,83.16 2 0
yadro.com/course/words/main.go:83.16,85.3 1 0
yadro.com/course/words/main.go:87.2,92.42 5 0
yadro.com/course/words/main.go:92.42,94.3 1 0
yadro.com/course/update/core/service.go:24.21,25.21 1 1
yadro.com/course/update/core/service.go:25.21,27.3 1 1
yadro.com/course/update/core/service.go:28.2,35.8 1 1
yadro.com/course/update/core/service.go:38.102,39.29 1 1
yadro.com/course/update/core/service.go:39.29,41.17 2 1
yadro.com/course/update/core/service.go:41.17,43.12 2 0
yadro.com/course/update/core/service.go:45.3,56.17 3 1
yadro.com/course/update/core/service.go:56.17,58.12 2 0
yadro.com/course/update/core/service.go:60.3,65.17 2 1
yadro.com/course/update/core/service.go:65.17,67.12 2 1
yadro.com/course/update/core/service.go:69.3,69.27 1 1
yadro.com/course/update/core/service.go:73.73,76.39 3 1
yadro.com/course/update/core/service.go:76.39,78.3 1 1
yadro.com/course/update/core/service.go:79.2,79.37 1 1
yadro.com/course/update/core/service.go:79.37,80.32 1 1
yadro.com/course/update/core/service.go:80.32,82.4 1 1
yadro.com/course/update/core/service.go:85.2,85.23 1 1
yadro.com/course/update/core/service.go:88.63,89.36 1 1
yadro.com/course/update/core/service.go:89.36,91.3 1 1
yadro.com/course/update/core/service.go:92.2,94.16 3 1
yadro.com/course/update/core/service.go:94.16,96.3 1 0
yadro.com/course/update/core/service.go:97.2,98.16 2 1
yadro.com/course/update/core/service.go:98.16,100.3 1 0
yadro.com/course/update/core/service.go:101.2,108.26 6 1
yadro.com/course/update/core/service.go:108.26,109.16 1 1
yadro.com/course/update/core/service.go:109.16,111.4 1 1
yadro.com/course/update/core/service.go:114.2,114.35 1 1
yadro.com/course/update/core/service.go:114.35,116.3 1 1
yadro.com/course/update/core/service.go:117.2,121.16 4 1
yadro.com/course/update/core/service.go:121.16,124.3 2 0
yadro.com/course/update/core/service.go:125.2,127.8 1 1
yadro.com/course/update/core/service.go:130.68,132.16 2 1
yadro.com/course/update/core/service.go:132.16,134.3 1 0
yadro.com/course/update/core/service.go:135.2,136.16 2 1
yadro.com/course/update/core/service.go:136.16,138.3 1 0
yadro.com/course/update/core/service.go:139.2,142.8 1 1
yadro.com/course/update/core/service.go:145.61,146.26 1 1
yadro.com/course/update/core/service.go:146.26,148.3 1 1
yadro.com/course/update/core/service.go:149.2,149.22 1 1
yadro.com/course/update/core/service.go:152.51,154.16 2 1
yadro.com/course/update/core/service.go:154.16,156.3 1 0
yadro.com/course/update/core/service.go:157.2,158.16 2 1
yadro.com/course/update/core/service.go:158.16,161.3 2 0
yadro.com/course/update/core/service.go:162.2,162.12 1 1
yadro.com/course/words/words/words.go:15.50,17.61 2 1
yadro.com/course/words/words/words.go:17.61,19.3 1 1
yadro.com/course/words/words/words.go:20.2,20.15 1 1
yadro.com/course/words/words/words.go:23.50,27.2 3 1
yadro.com/course/words/words/words.go:29.80,31.31 2 1
yadro.com/course/words/words/words.go:31.31,32.31 1 1
yadro.com/course/words/words/words.go:32.31,33.12 1 1
yadro.com/course/words/words/words.go:35.3,37.17 3 1
yadro.com/course/words/words/words.go:37.17,39.4 1 1
yadro.com/course/words/words/words.go:41.2,41.20 1 1
yadro.com/course/words/words/words.go:44.62,50.16 4 1
yadro.com/course/words/words/words.go:50.16,53.3 2 1
yadro.com/course/words/words/words.go:54.2,55.20 2 1
yadro.com/course/words/words/words.go:58.77,64.16 4 1
yadro.com/course/words/words/words.go:64.16,67.3 2 1
yadro.com/course/words/words/words.go:68.2,68.20 1 1
